// Jest Snapshot v1, https://goo.gl/fbAQLP

exports[`Input Base snapshot component 1`] = `
<div>
  <div />
  <div>
    <div
      class="css-1vv8m27"
    >
      <label
        class="css-30bnu8"
        data-testid="inputbase-label"
        for="testeName"
      >
        label input test
      </label>
      <input
        autocomplete="off"
        class="css-1vbdnyf"
        data-testid="testeName"
        name="testeName"
      />
    </div>
    <div
      class="css-kli5ab"
    />
  </div>
</div>
`;
